sysbench 1.0.20 (using system LuaJIT 2.1.0-beta3)

Initializing worker threads...

Creating table 'sbtest3'...
Creating table 'sbtest7'...
Creating table 'sbtest2'...
Creating table 'sbtest22'...
Creating table 'sbtest15'...
Creating table 'sbtest1'...
Creating table 'sbtest5'...
Creating table 'sbtest13'...
Creating table 'sbtest21'...
Creating table 'sbtest12'...
Creating table 'sbtest9'...
Creating table 'sbtest30'...
Creating table 'sbtest20'...
Creating table 'sbtest27'...
Creating table 'sbtest16'...
Creating table 'sbtest31'...
Creating table 'sbtest24'...
Creating table 'sbtest18'...
Creating table 'sbtest25'...
Creating table 'sbtest4'...
Creating table 'sbtest32'...
Creating table 'sbtest6'...
Creating table 'sbtest26'...
Creating table 'sbtest19'...
Creating table 'sbtest10'...
Creating table 'sbtest23'...
Creating table 'sbtest14'...Creating table 'sbtest28'...

Creating table 'sbtest29'...
Creating table 'sbtest11'...
Creating table 'sbtest17'...
Creating table 'sbtest8'...
Inserting 1000000 records into 'sbtest3'
Inserting 1000000 records into 'sbtest22'
Inserting 1000000 records into 'sbtest1'
Inserting 1000000 records into 'sbtest20'
Inserting 1000000 records into 'sbtest2'
Inserting 1000000 records into 'sbtest5'
Inserting 1000000 records into 'sbtest4'
Inserting 1000000 records into 'sbtest15'
Inserting 1000000 records into 'sbtest7'
Inserting 1000000 records into 'sbtest12'
Inserting 1000000 records into 'sbtest9'
Inserting 1000000 records into 'sbtest28'
Inserting 1000000 records into 'sbtest16'
Inserting 1000000 records into 'sbtest10'
Inserting 1000000 records into 'sbtest24'
Inserting 1000000 records into 'sbtest6'
Inserting 1000000 records into 'sbtest14'
Inserting 1000000 records into 'sbtest31'
Inserting 1000000 records into 'sbtest26'
Inserting 1000000 records into 'sbtest18'
Inserting 1000000 records into 'sbtest19'
Inserting 1000000 records into 'sbtest11'
Inserting 1000000 records into 'sbtest8'
Inserting 1000000 records into 'sbtest17'
Inserting 1000000 records into 'sbtest30'
Inserting 1000000 records into 'sbtest23'
Inserting 1000000 records into 'sbtest13'
Inserting 1000000 records into 'sbtest25'
Inserting 1000000 records into 'sbtest27'
Inserting 1000000 records into 'sbtest32'
Inserting 1000000 records into 'sbtest21'
Inserting 1000000 records into 'sbtest29'
Creating a secondary index on 'sbtest10'...
Creating a secondary index on 'sbtest7'...
Creating table 'sbtest42'...
Inserting 1000000 records into 'sbtest42'
Creating table 'sbtest39'...
Creating a secondary index on 'sbtest28'...
Creating a secondary index on 'sbtest14'...
Inserting 1000000 records into 'sbtest39'
Creating a secondary index on 'sbtest1'...
Creating a secondary index on 'sbtest11'...
Creating a secondary index on 'sbtest24'...
Creating table 'sbtest46'...
Inserting 1000000 records into 'sbtest46'
Creating table 'sbtest33'...
Creating a secondary index on 'sbtest8'...
Inserting 1000000 records into 'sbtest33'
Creating a secondary index on 'sbtest22'...
Creating table 'sbtest43'...
Inserting 1000000 records into 'sbtest43'
Creating a secondary index on 'sbtest23'...
Creating a secondary index on 'sbtest4'...
Creating a secondary index on 'sbtest15'...
Creating a secondary index on 'sbtest5'...
Creating a secondary index on 'sbtest32'...
Creating a secondary index on 'sbtest20'...
Creating a secondary index on 'sbtest6'...
Creating table 'sbtest40'...
Creating a secondary index on 'sbtest21'...
Inserting 1000000 records into 'sbtest40'
Creating a secondary index on 'sbtest12'...
Creating table 'sbtest37'...
Creating table 'sbtest47'...
Inserting 1000000 records into 'sbtest37'
Inserting 1000000 records into 'sbtest47'
Creating a secondary index on 'sbtest27'...
Creating table 'sbtest36'...
Creating a secondary index on 'sbtest18'...
Inserting 1000000 records into 'sbtest36'
Creating table 'sbtest38'...
Inserting 1000000 records into 'sbtest38'
Creating table 'sbtest44'...
Creating a secondary index on 'sbtest17'...
Creating a secondary index on 'sbtest2'...
Inserting 1000000 records into 'sbtest44'
Creating a secondary index on 'sbtest25'...
Creating a secondary index on 'sbtest19'...
Creating a secondary index on 'sbtest30'...
Creating a secondary index on 'sbtest13'...
Creating a secondary index on 'sbtest31'...
Creating a secondary index on 'sbtest3'...
Creating a secondary index on 'sbtest29'...
Creating table 'sbtest50'...
Inserting 1000000 records into 'sbtest50'
Creating table 'sbtest49'...
Inserting 1000000 records into 'sbtest49'
Creating table 'sbtest34'...
Creating a secondary index on 'sbtest16'...
Inserting 1000000 records into 'sbtest34'
Creating table 'sbtest35'...
Creating table 'sbtest45'...
Inserting 1000000 records into 'sbtest35'
Inserting 1000000 records into 'sbtest45'
Creating a secondary index on 'sbtest9'...
Creating table 'sbtest48'...
Inserting 1000000 records into 'sbtest48'
Creating a secondary index on 'sbtest26'...
Creating table 'sbtest41'...
Inserting 1000000 records into 'sbtest41'
Creating a secondary index on 'sbtest42'...
Creating a secondary index on 'sbtest39'...
Creating a secondary index on 'sbtest40'...
Creating a secondary index on 'sbtest46'...
Creating a secondary index on 'sbtest47'...
Creating a secondary index on 'sbtest43'...
Creating a secondary index on 'sbtest33'...
Creating a secondary index on 'sbtest37'...
Creating a secondary index on 'sbtest38'...
Creating a secondary index on 'sbtest50'...
Creating a secondary index on 'sbtest36'...
Creating a secondary index on 'sbtest45'...
Creating a secondary index on 'sbtest48'...
Creating a secondary index on 'sbtest49'...
Creating a secondary index on 'sbtest35'...
Creating a secondary index on 'sbtest44'...
Creating a secondary index on 'sbtest34'...
Creating a secondary index on 'sbtest41'...
